Archive member included to satisfy reference by file (symbol)

lib/orangescrt.a(printf.o)    kernel/main.o (printf)
lib/orangescrt.a(vsprintf.o)  kernel/main.o (vsprintf)
lib/orangescrt.a(string.o)    kernel/start.o (memcpy)
lib/orangescrt.a(misc.o)      kernel/main.o (send_recv)
lib/orangescrt.a(open.o)      kernel/main.o (open)
lib/orangescrt.a(read.o)      kernel/main.o (read)
lib/orangescrt.a(write.o)     kernel/main.o (write)
lib/orangescrt.a(close.o)     kernel/main.o (close)
lib/orangescrt.a(lseek.o)     kernel/main.o (lseek)
lib/orangescrt.a(getpid.o)    kernel/main.o (getpid)
lib/orangescrt.a(stat.o)      mm/exec.o (stat)
lib/orangescrt.a(fork.o)      kernel/main.o (fork)
lib/orangescrt.a(wait.o)      kernel/main.o (wait)
lib/orangescrt.a(exec.o)      kernel/main.o (execv)
lib/orangescrt.a(syscall.o)   lib/orangescrt.a(misc.o) (sendrec)

Merging program properties

Removed property 0xc0000002 to merge kernel/start.o (0x3) and kernel/kernel.o (not found)
Removed property 0xc0000002 to merge kernel/start.o (not found) and kernel/main.o (0x3)
Removed property 0xc0000002 to merge kernel/start.o (not found) and kernel/clock.o (0x3)
Removed property 0xc0000002 to merge kernel/start.o (not found) and kernel/keyboard.o (0x3)
Removed property 0xc0000002 to merge kernel/start.o (not found) and kernel/tty.o (0x3)
Removed property 0xc0000002 to merge kernel/start.o (not found) and kernel/console.o (0x3)
Removed property 0xc0000002 to merge kernel/start.o (not found) and kernel/i8259.o (0x3)
Removed property 0xc0000002 to merge kernel/start.o (not found) and kernel/global.o (0x3)
Removed property 0xc0000002 to merge kernel/start.o (not found) and kernel/protect.o (0x3)
Removed property 0xc0000002 to merge kernel/start.o (not found) and kernel/proc.o (0x3)
Removed property 0xc0000002 to merge kernel/start.o (not found) and kernel/systask.o (0x3)
Removed property 0xc0000002 to merge kernel/start.o (not found) and kernel/hd.o (0x3)
Removed property 0xc0000002 to merge kernel/start.o (not found) and kernel/klib.o (0x3)
Removed property 0xc0000002 to merge kernel/start.o (not found) and lib/syslog.o (0x3)
Removed property 0xc0000002 to merge kernel/start.o (not found) and mm/main.o (0x3)
Removed property 0xc0000002 to merge kernel/start.o (not found) and mm/forkexit.o (0x3)
Removed property 0xc0000002 to merge kernel/start.o (not found) and mm/exec.o (0x3)
Removed property 0xc0000002 to merge kernel/start.o (not found) and fs/main.o (0x3)
Removed property 0xc0000002 to merge kernel/start.o (not found) and fs/open.o (0x3)
Removed property 0xc0000002 to merge kernel/start.o (not found) and fs/misc.o (0x3)
Removed property 0xc0000002 to merge kernel/start.o (not found) and fs/read_write.o (0x3)
Removed property 0xc0000002 to merge kernel/start.o (not found) and fs/link.o (0x3)
Removed property 0xc0000002 to merge kernel/start.o (not found) and fs/disklog.o (0x3)
Removed property 0xc0000002 to merge kernel/start.o (not found) and lib/orangescrt.a(printf.o) (0x3)
Removed property 0xc0000002 to merge kernel/start.o (not found) and lib/orangescrt.a(vsprintf.o) (0x3)
Removed property 0xc0000002 to merge kernel/start.o (not found) and lib/orangescrt.a(misc.o) (0x3)
Removed property 0xc0000002 to merge kernel/start.o (not found) and lib/orangescrt.a(open.o) (0x3)
Removed property 0xc0000002 to merge kernel/start.o (not found) and lib/orangescrt.a(read.o) (0x3)
Removed property 0xc0000002 to merge kernel/start.o (not found) and lib/orangescrt.a(write.o) (0x3)
Removed property 0xc0000002 to merge kernel/start.o (not found) and lib/orangescrt.a(close.o) (0x3)
Removed property 0xc0000002 to merge kernel/start.o (not found) and lib/orangescrt.a(lseek.o) (0x3)
Removed property 0xc0000002 to merge kernel/start.o (not found) and lib/orangescrt.a(getpid.o) (0x3)
Removed property 0xc0000002 to merge kernel/start.o (not found) and lib/orangescrt.a(stat.o) (0x3)
Removed property 0xc0000002 to merge kernel/start.o (not found) and lib/orangescrt.a(fork.o) (0x3)
Removed property 0xc0000002 to merge kernel/start.o (not found) and lib/orangescrt.a(wait.o) (0x3)
Removed property 0xc0000002 to merge kernel/start.o (not found) and lib/orangescrt.a(exec.o) (0x3)

Allocating common symbols
Common symbol       size              file

idt_ptr             0x6               kernel/global.o
inode_table         0xb00             kernel/global.o
task_stack          0x24000           kernel/global.o
k_reenter           0x4               kernel/global.o
gdt                 0x400             kernel/global.o
current_console     0x4               kernel/global.o
pcaller             0x4               kernel/global.o
tty_table           0xc6c             kernel/global.o
tss                 0x68              kernel/global.o
fs_msg              0x30              kernel/global.o
memory_size         0x4               kernel/global.o
f_desc_table        0x400             kernel/global.o
root_inode          0x4               kernel/global.o
disp_pos            0x4               kernel/global.o
mm_msg              0x30              kernel/global.o
key_pressed         0x4               kernel/global.o
gdt_ptr             0x6               kernel/global.o
idt                 0x800             kernel/global.o
super_block         0x1e0             kernel/global.o
PARTITION_ENTRY     0x10              kernel/hd.o
ticks               0x4               kernel/global.o
console_table       0x3c              kernel/global.o
irq_table           0x40              kernel/global.o
p_proc_ready        0x4               kernel/global.o
proc_table          0x3cb4            kernel/global.o

Discarded input sections

 .note.GNU-stack
                0x0000000000000000        0x0 kernel/start.o
 .note.gnu.property
                0x0000000000000000       0x1c kernel/start.o
 .note.GNU-stack
                0x0000000000000000        0x0 kernel/main.o
 .note.gnu.property
                0x0000000000000000       0x1c kernel/main.o
 .note.GNU-stack
                0x0000000000000000        0x0 kernel/clock.o
 .note.gnu.property
                0x0000000000000000       0x1c kernel/clock.o
 .note.GNU-stack
                0x0000000000000000        0x0 kernel/keyboard.o
 .note.gnu.property
                0x0000000000000000       0x1c kernel/keyboard.o
 .note.GNU-stack
                0x0000000000000000        0x0 kernel/tty.o
 .note.gnu.property
                0x0000000000000000       0x1c kernel/tty.o
 .note.GNU-stack
                0x0000000000000000        0x0 kernel/console.o
 .note.gnu.property
                0x0000000000000000       0x1c kernel/console.o
 .note.GNU-stack
                0x0000000000000000        0x0 kernel/i8259.o
 .note.gnu.property
                0x0000000000000000       0x1c kernel/i8259.o
 .note.GNU-stack
                0x0000000000000000        0x0 kernel/global.o
 .note.gnu.property
                0x0000000000000000       0x1c kernel/global.o
 .note.GNU-stack
                0x0000000000000000        0x0 kernel/protect.o
 .note.gnu.property
                0x0000000000000000       0x1c kernel/protect.o
 .note.GNU-stack
                0x0000000000000000        0x0 kernel/proc.o
 .note.gnu.property
                0x0000000000000000       0x1c kernel/proc.o
 .note.GNU-stack
                0x0000000000000000        0x0 kernel/systask.o
 .note.gnu.property
                0x0000000000000000       0x1c kernel/systask.o
 .note.GNU-stack
                0x0000000000000000        0x0 kernel/hd.o
 .note.gnu.property
                0x0000000000000000       0x1c kernel/hd.o
 .note.GNU-stack
                0x0000000000000000        0x0 kernel/klib.o
 .note.gnu.property
                0x0000000000000000       0x1c kernel/klib.o
 .note.GNU-stack
                0x0000000000000000        0x0 lib/syslog.o
 .note.gnu.property
                0x0000000000000000       0x1c lib/syslog.o
 .note.GNU-stack
                0x0000000000000000        0x0 mm/main.o
 .note.gnu.property
                0x0000000000000000       0x1c mm/main.o
 .note.GNU-stack
                0x0000000000000000        0x0 mm/forkexit.o
 .note.gnu.property
                0x0000000000000000       0x1c mm/forkexit.o
 .note.GNU-stack
                0x0000000000000000        0x0 mm/exec.o
 .note.gnu.property
                0x0000000000000000       0x1c mm/exec.o
 .note.GNU-stack
                0x0000000000000000        0x0 fs/main.o
 .note.gnu.property
                0x0000000000000000       0x1c fs/main.o
 .note.GNU-stack
                0x0000000000000000        0x0 fs/open.o
 .note.gnu.property
                0x0000000000000000       0x1c fs/open.o
 .note.GNU-stack
                0x0000000000000000        0x0 fs/misc.o
 .note.gnu.property
                0x0000000000000000       0x1c fs/misc.o
 .note.GNU-stack
                0x0000000000000000        0x0 fs/read_write.o
 .note.gnu.property
                0x0000000000000000       0x1c fs/read_write.o
 .note.GNU-stack
                0x0000000000000000        0x0 fs/link.o
 .note.gnu.property
                0x0000000000000000       0x1c fs/link.o
 .note.GNU-stack
                0x0000000000000000        0x0 fs/disklog.o
 .note.gnu.property
                0x0000000000000000       0x1c fs/disklog.o
 .note.GNU-stack
                0x0000000000000000        0x0 lib/orangescrt.a(printf.o)
 .note.gnu.property
                0x0000000000000000       0x1c lib/orangescrt.a(printf.o)
 .note.GNU-stack
                0x0000000000000000        0x0 lib/orangescrt.a(vsprintf.o)
 .note.gnu.property
                0x0000000000000000       0x1c lib/orangescrt.a(vsprintf.o)
 .note.GNU-stack
                0x0000000000000000        0x0 lib/orangescrt.a(misc.o)
 .note.gnu.property
                0x0000000000000000       0x1c lib/orangescrt.a(misc.o)
 .note.GNU-stack
                0x0000000000000000        0x0 lib/orangescrt.a(open.o)
 .note.gnu.property
                0x0000000000000000       0x1c lib/orangescrt.a(open.o)
 .note.GNU-stack
                0x0000000000000000        0x0 lib/orangescrt.a(read.o)
 .note.gnu.property
                0x0000000000000000       0x1c lib/orangescrt.a(read.o)
 .note.GNU-stack
                0x0000000000000000        0x0 lib/orangescrt.a(write.o)
 .note.gnu.property
                0x0000000000000000       0x1c lib/orangescrt.a(write.o)
 .note.GNU-stack
                0x0000000000000000        0x0 lib/orangescrt.a(close.o)
 .note.gnu.property
                0x0000000000000000       0x1c lib/orangescrt.a(close.o)
 .note.GNU-stack
                0x0000000000000000        0x0 lib/orangescrt.a(lseek.o)
 .note.gnu.property
                0x0000000000000000       0x1c lib/orangescrt.a(lseek.o)
 .note.GNU-stack
                0x0000000000000000        0x0 lib/orangescrt.a(getpid.o)
 .note.gnu.property
                0x0000000000000000       0x1c lib/orangescrt.a(getpid.o)
 .note.GNU-stack
                0x0000000000000000        0x0 lib/orangescrt.a(stat.o)
 .note.gnu.property
                0x0000000000000000       0x1c lib/orangescrt.a(stat.o)
 .note.GNU-stack
                0x0000000000000000        0x0 lib/orangescrt.a(fork.o)
 .note.gnu.property
                0x0000000000000000       0x1c lib/orangescrt.a(fork.o)
 .note.GNU-stack
                0x0000000000000000        0x0 lib/orangescrt.a(wait.o)
 .note.gnu.property
                0x0000000000000000       0x1c lib/orangescrt.a(wait.o)
 .note.GNU-stack
                0x0000000000000000        0x0 lib/orangescrt.a(exec.o)
 .note.gnu.property
                0x0000000000000000       0x1c lib/orangescrt.a(exec.o)

Memory Configuration

Name             Origin             Length             Attributes
*default*        0x0000000000000000 0xffffffffffffffff

Linker script and memory map

Address of section .text set to 0x1000
LOAD kernel/kernel.o
LOAD kernel/start.o
LOAD kernel/main.o
LOAD kernel/clock.o
LOAD kernel/keyboard.o
LOAD kernel/tty.o
LOAD kernel/console.o
LOAD kernel/i8259.o
LOAD kernel/global.o
LOAD kernel/protect.o
LOAD kernel/proc.o
LOAD kernel/systask.o
LOAD kernel/hd.o
LOAD kernel/kliba.o
LOAD kernel/klib.o
LOAD lib/syslog.o
LOAD mm/main.o
LOAD mm/forkexit.o
LOAD mm/exec.o
LOAD fs/main.o
LOAD fs/open.o
LOAD fs/misc.o
LOAD fs/read_write.o
LOAD fs/link.o
LOAD fs/disklog.o
LOAD lib/orangescrt.a
                [!provide]                        PROVIDE (__executable_start = SEGMENT_START ("text-segment", 0x8048000))
                0x00000000080480d4                . = (SEGMENT_START ("text-segment", 0x8048000) + SIZEOF_HEADERS)

.interp
 *(.interp)

.note.gnu.build-id
 *(.note.gnu.build-id)

.hash
 *(.hash)

.gnu.hash
 *(.gnu.hash)

.dynsym
 *(.dynsym)

.dynstr
 *(.dynstr)

.gnu.version
 *(.gnu.version)

.gnu.version_d
 *(.gnu.version_d)

.gnu.version_r
 *(.gnu.version_r)

.rel.dyn        0x00000000080480d4        0x0
 *(.rel.init)
 *(.rel.text .rel.text.* .rel.gnu.linkonce.t.*)
 .rel.text      0x00000000080480d4        0x0 kernel/kernel.o
 *(.rel.fini)
 *(.rel.rodata .rel.rodata.* .rel.gnu.linkonce.r.*)
 *(.rel.data.rel.ro .rel.data.rel.ro.* .rel.gnu.linkonce.d.rel.ro.*)
 *(.rel.data .rel.data.* .rel.gnu.linkonce.d.*)
 *(.rel.tdata .rel.tdata.* .rel.gnu.linkonce.td.*)
 *(.rel.tbss .rel.tbss.* .rel.gnu.linkonce.tb.*)
 *(.rel.ctors)
 *(.rel.dtors)
 *(.rel.got)
 .rel.got       0x00000000080480d4        0x0 kernel/kernel.o
 *(.rel.bss .rel.bss.* .rel.gnu.linkonce.b.*)
 *(.rel.ifunc)

.rel.plt        0x00000000080480d4        0x0
 *(.rel.plt)
                [!provide]                        PROVIDE (__rel_iplt_start = .)
 *(.rel.iplt)
 .rel.iplt      0x00000000080480d4        0x0 kernel/kernel.o
                [!provide]                        PROVIDE (__rel_iplt_end = .)
                0x0000000008049000                . = ALIGN (CONSTANT (MAXPAGESIZE))

.init
 *(SORT_NONE(.init))

.plt            0x0000000008049000        0x0
 *(.plt)
 *(.iplt)
 .iplt          0x0000000008049000        0x0 kernel/kernel.o

.plt.got
 *(.plt.got)

.plt.sec
 *(.plt.sec)

.text           0x0000000000001000     0xc4b8
 *(.text.unlikely .text.*_unlikely .text.unlikely.*)
 *(.text.exit .text.exit.*)
 *(.text.startup .text.startup.*)
 *(.text.hot .text.hot.*)
 *(SORT_BY_NAME(.text.sorted.*))
 *(.text .stub .text.* .gnu.linkonce.t.*)
 .text          0x0000000000001000      0x410 kernel/kernel.o
                0x0000000000001000                _start
                0x0000000000001040                hwint00
                0x0000000000001070                hwint01
                0x00000000000010a0                hwint02
                0x00000000000010d0                hwint03
                0x0000000000001100                hwint04
                0x0000000000001130                hwint05
                0x0000000000001160                hwint06
                0x0000000000001190                hwint07
                0x00000000000011c0                hwint08
                0x00000000000011f0                hwint09
                0x0000000000001220                hwint10
                0x0000000000001250                hwint11
                0x0000000000001280                hwint12
                0x00000000000012b0                hwint13
                0x00000000000012e0                hwint14
                0x0000000000001310                hwint15
                0x0000000000001334                divide_error
                0x000000000000133a                single_step_exception
                0x0000000000001340                nmi
                0x0000000000001346                breakpoint_exception
                0x000000000000134c                overflow
                0x0000000000001352                bounds_check
                0x0000000000001358                inval_opcode
                0x000000000000135e                copr_not_available
                0x0000000000001364                double_fault
                0x0000000000001368                copr_seg_overrun
                0x000000000000136e                inval_tss
                0x0000000000001372                segment_not_present
                0x0000000000001376                stack_exception
                0x000000000000137a                general_protection
                0x000000000000137e                page_fault
                0x0000000000001382                copr_error
                0x00000000000013cb                sys_call
                0x00000000000013eb                restart
 .text          0x0000000000001410       0x99 kernel/start.o
                0x0000000000001410                cstart
 .text          0x00000000000014a9      0xa3b kernel/main.o
                0x00000000000014a9                kernel_main
                0x00000000000017de                get_ticks
                0x0000000000001816                untar
                0x0000000000001af5                shabby_shell
                0x0000000000001d0b                Init
                0x0000000000001e7c                TestA
                0x0000000000001e85                TestB
                0x0000000000001e8e                TestC
                0x0000000000001e97                panic
 .text          0x0000000000001ee4      0x115 kernel/clock.o
                0x0000000000001ee4                clock_handler
                0x0000000000001f6e                milli_delay
                0x0000000000001f9d                init_clock
 .text          0x0000000000001ff9      0x6fb kernel/keyboard.o
                0x0000000000001ff9                keyboard_handler
                0x0000000000002067                init_keyboard
                0x000000000000211a                keyboard_read
 .text          0x00000000000026f4      0x9e0 kernel/tty.o
                0x00000000000026f4                task_tty
                0x00000000000028af                in_process
                0x0000000000002dd8                sys_printx
                0x0000000000002f79                dump_tty_buf
 .text          0x00000000000030d4      0x800 kernel/console.o
                0x00000000000030d4                init_screen
                0x000000000000324c                out_char
                0x0000000000003532                is_current_console
                0x0000000000003631                select_console
                0x0000000000003675                scroll_screen
 .text          0x00000000000038d4      0x13d kernel/i8259.o
                0x00000000000038d4                init_8259A
                0x00000000000039ae                spurious_irq
                0x00000000000039e9                put_irq_handler
 .text          0x0000000000003a11        0x0 kernel/global.o
 .text          0x0000000000003a11      0x66e kernel/protect.o
                0x0000000000003a11                init_prot
                0x0000000000003e7c                seg2linear
                0x0000000000003ecf                init_desc
                0x0000000000003f40                exception_handler
 .text          0x000000000000407f     0x1a9e kernel/proc.o
                0x000000000000407f                schedule
                0x0000000000004116                outqueue
                0x0000000000004187                inqueue
                0x000000000000420a                myschedule
                0x0000000000004326                get_one_proc
                0x0000000000004474                sys_sendrec
                0x000000000000459f                ldt_seg_linear
                0x00000000000045ed                va2la
                0x0000000000004652                reset_msg
                0x000000000000552d                inform_int
                0x00000000000056c9                dump_proc
                0x0000000000005a0d                dump_msg
 .text          0x0000000000005b1d      0x2d2 kernel/systask.o
                0x0000000000005b1d                task_sys
 .text          0x0000000000005def      0xd76 kernel/hd.o
                0x0000000000005def                task_hd
                0x0000000000006b36                hd_handler
 *fill*         0x0000000000006b65        0xb 
 .text          0x0000000000006b70      0x19a kernel/kliba.o
                0x0000000000006b70                disp_str
                0x0000000000006bae                disp_color_str
                0x0000000000006bed                out_byte
                0x0000000000006bf9                in_byte
                0x0000000000006c03                port_read
                0x0000000000006c16                port_write
                0x0000000000006c29                disable_irq
                0x0000000000006c5e                enable_irq
                0x0000000000006c7d                disable_int
                0x0000000000006c7f                enable_int
                0x0000000000006c81                glitter
 .text          0x0000000000006d0a      0x2c4 kernel/klib.o
                0x0000000000006d0a                get_boot_params
                0x0000000000006d94                get_kernel_map
                0x0000000000006ea8                itoa
                0x0000000000006f57                disp_int
                0x0000000000006f82                delay
 .text          0x0000000000006fce       0x73 lib/syslog.o
                0x0000000000006fce                syslog
 .text          0x0000000000007041      0x1d2 mm/main.o
                0x0000000000007041                task_mm
                0x0000000000007186                alloc_mem
                0x0000000000007205                free_mem
 .text          0x0000000000007213      0x5e4 mm/forkexit.o
                0x0000000000007213                do_fork
                0x0000000000007567                do_exit
                0x000000000000773a                do_wait
 .text          0x00000000000077f7      0x358 mm/exec.o
                0x00000000000077f7                do_exec
 .text          0x0000000000007b4f     0x114b fs/main.o
                0x0000000000007b4f                task_fs
                0x000000000000867a                rw_sector
                0x000000000000888a                get_super_block
                0x00000000000088d4                get_inode
                0x0000000000008a3b                put_inode
                0x0000000000008a7d                sync_inode
 .text          0x0000000000008c9a      0xbac fs/open.o
                0x0000000000008c9a                do_open
                0x00000000000091bc                do_close
                0x000000000000923b                do_lseek
 .text          0x0000000000009846      0x3ba fs/misc.o
                0x0000000000009846                do_stat
                0x0000000000009a1b                search_file
                0x0000000000009b75                strip_path
 .text          0x0000000000009c00      0x49a fs/read_write.o
                0x0000000000009c00                do_rdwt
 .text          0x000000000000a09a      0x816 fs/link.o
                0x000000000000a09a                do_unlink
 .text          0x000000000000a8b0     0x1fee fs/disklog.o
                0x000000000000a8b0                disklog
                0x000000000000ae22                dump_fd_graph
 .text          0x000000000000c89e       0xb5 lib/orangescrt.a(printf.o)
                0x000000000000c89e                printf
                0x000000000000c90d                printl
 .text          0x000000000000c953      0x31d lib/orangescrt.a(vsprintf.o)
                0x000000000000c9bd                vsprintf
                0x000000000000cc46                sprintf
 .text          0x000000000000cc70       0x78 lib/orangescrt.a(string.o)
                0x000000000000cc70                memcpy
                0x000000000000cc99                memset
                0x000000000000ccba                strcpy
                0x000000000000ccd2                strlen
 .text          0x000000000000cce8      0x268 lib/orangescrt.a(misc.o)
                0x000000000000cce8                send_recv
                0x000000000000cda8                memcmp
                0x000000000000ce1e                strcmp
                0x000000000000ce91                strcat
                0x000000000000cef4                spin
                0x000000000000cf13                assertion_failure
 .text          0x000000000000cf50       0x67 lib/orangescrt.a(open.o)
                0x000000000000cf50                open
 .text          0x000000000000cfb7       0x3b lib/orangescrt.a(read.o)
                0x000000000000cfb7                read
 .text          0x000000000000cff2       0x3b lib/orangescrt.a(write.o)
                0x000000000000cff2                write
 .text          0x000000000000d02d       0x2f lib/orangescrt.a(close.o)
                0x000000000000d02d                close
 .text          0x000000000000d05c       0x3b lib/orangescrt.a(lseek.o)
                0x000000000000d05c                lseek
 .text          0x000000000000d097       0x4a lib/orangescrt.a(getpid.o)
                0x000000000000d097                getpid
 .text          0x000000000000d0e1       0x67 lib/orangescrt.a(stat.o)
                0x000000000000d0e1                stat
 .text          0x000000000000d148       0xca lib/orangescrt.a(fork.o)
                0x000000000000d148                fork
 .text          0x000000000000d212       0x40 lib/orangescrt.a(wait.o)
                0x000000000000d212                wait
 .text          0x000000000000d252      0x23e lib/orangescrt.a(exec.o)
                0x000000000000d252                exec
                0x000000000000d2c1                execl
                0x000000000000d2ea                execv
 .text          0x000000000000d490       0x28 lib/orangescrt.a(syscall.o)
                0x000000000000d490                sendrec
                0x000000000000d4aa                printx
 *(.gnu.warning)

.fini
 *(SORT_NONE(.fini))
                [!provide]                        PROVIDE (__etext = .)
                [!provide]                        PROVIDE (_etext = .)
                [!provide]                        PROVIDE (etext = .)
                0x000000000000e000                . = ALIGN (CONSTANT (MAXPAGESIZE))
                0x000000000000e000                . = SEGMENT_START ("rodata-segment", (ALIGN (CONSTANT (MAXPAGESIZE)) + (. & (CONSTANT (MAXPAGESIZE) - 0x1))))

.rodata         0x000000000000e000     0x259f
 *(.rodata .rodata.* .gnu.linkonce.r.*)
 .rodata        0x000000000000e000       0x47 kernel/start.o
 *fill*         0x000000000000e047        0x1 
 .rodata        0x000000000000e048      0x1ec kernel/main.o
 .rodata        0x000000000000e234       0x64 kernel/keyboard.o
 .rodata        0x000000000000e298      0x13c kernel/tty.o
 .rodata        0x000000000000e3d4       0x5b kernel/console.o
 .rodata        0x000000000000e42f       0x11 kernel/i8259.o
 .rodata        0x000000000000e440       0x10 kernel/global.o
                0x000000000000e440                FSBUF_SIZE
                0x000000000000e444                MMBUF_SIZE
                0x000000000000e448                LOGBUF_SIZE
                0x000000000000e44c                LOGDISKBUF_SIZE
 *fill*         0x000000000000e450       0x10 
 .rodata        0x000000000000e460      0x580 kernel/protect.o
 .rodata        0x000000000000e9e0      0x5da kernel/proc.o
 .rodata        0x000000000000efba       0x11 kernel/systask.o
 *fill*         0x000000000000efcb        0x1 
 .rodata        0x000000000000efcc      0x144 kernel/hd.o
 .rodata        0x000000000000f110       0x6a kernel/klib.o
 .rodata        0x000000000000f17a       0x1e lib/syslog.o
 .rodata        0x000000000000f198       0xb1 mm/main.o
 *fill*         0x000000000000f249        0x3 
 .rodata        0x000000000000f24c       0xe7 mm/forkexit.o
 *fill*         0x000000000000f333        0x1 
 .rodata        0x000000000000f334       0xa4 mm/exec.o
 .rodata        0x000000000000f3d8      0x29a fs/main.o
 *fill*         0x000000000000f672        0x2 
 .rodata        0x000000000000f674      0x1c8 fs/open.o
 .rodata        0x000000000000f83c       0x60 fs/misc.o
 .rodata        0x000000000000f89c      0x164 fs/read_write.o
 .rodata        0x000000000000fa00      0x1ad fs/link.o
 *fill*         0x000000000000fbad        0x3 
 .rodata        0x000000000000fbb0      0x806 fs/disklog.o
 .rodata        0x00000000000103b6       0x14 lib/orangescrt.a(printf.o)
 *fill*         0x00000000000103ca        0x2 
 .rodata        0x00000000000103cc       0xad lib/orangescrt.a(misc.o)
 .rodata        0x0000000000010479       0x23 lib/orangescrt.a(open.o)
 .rodata        0x000000000001049c       0x25 lib/orangescrt.a(getpid.o)
 .rodata        0x00000000000104c1       0x23 lib/orangescrt.a(stat.o)
 .rodata        0x00000000000104e4       0x33 lib/orangescrt.a(fork.o)
 *fill*         0x0000000000010517        0x1 
 .rodata        0x0000000000010518       0x87 lib/orangescrt.a(exec.o)

.rodata1
 *(.rodata1)

.eh_frame_hdr
 *(.eh_frame_hdr)
 *(.eh_frame_entry .eh_frame_entry.*)

.eh_frame       0x00000000000105a0     0x12e0
 *(.eh_frame)
 .eh_frame      0x00000000000105a0       0x38 kernel/start.o
 .eh_frame      0x00000000000105d8      0x108 kernel/main.o
                                        0x120 (size before relaxing)
 .eh_frame      0x00000000000106e0       0x60 kernel/clock.o
                                         0x78 (size before relaxing)
 .eh_frame      0x0000000000010740       0xe0 kernel/keyboard.o
                                         0xf8 (size before relaxing)
 .eh_frame      0x0000000000010820      0x13c kernel/tty.o
                                        0x154 (size before relaxing)
 .eh_frame      0x000000000001095c      0x140 kernel/console.o
                                        0x158 (size before relaxing)
 .eh_frame      0x0000000000010a9c       0x60 kernel/i8259.o
                                         0x78 (size before relaxing)
 .eh_frame      0x0000000000010afc       0xb0 kernel/protect.o
                                         0xc8 (size before relaxing)
 .eh_frame      0x0000000000010bac      0x234 kernel/proc.o
                                        0x24c (size before relaxing)
 .eh_frame      0x0000000000010de0       0x5c kernel/systask.o
                                         0x74 (size before relaxing)
 .eh_frame      0x0000000000010e3c      0x1cc kernel/hd.o
                                        0x1e4 (size before relaxing)
 .eh_frame      0x0000000000011008       0xa0 kernel/klib.o
                                         0xb8 (size before relaxing)
 .eh_frame      0x00000000000110a8       0x20 lib/syslog.o
                                         0x38 (size before relaxing)
 .eh_frame      0x00000000000110c8       0x7c mm/main.o
                                         0x94 (size before relaxing)
 .eh_frame      0x0000000000011144       0x90 mm/forkexit.o
                                         0xa8 (size before relaxing)
 .eh_frame      0x00000000000111d4       0x2c mm/exec.o
                                         0x44 (size before relaxing)
 .eh_frame      0x0000000000011200      0x170 fs/main.o
                                        0x188 (size before relaxing)
 .eh_frame      0x0000000000011370      0x110 fs/open.o
                                        0x128 (size before relaxing)
 .eh_frame      0x0000000000011480       0x68 fs/misc.o
                                         0x80 (size before relaxing)
 .eh_frame      0x00000000000114e8       0x2c fs/read_write.o
                                         0x44 (size before relaxing)
 .eh_frame      0x0000000000011514       0x2c fs/link.o
                                         0x44 (size before relaxing)
 .eh_frame      0x0000000000011540       0x60 fs/disklog.o
                                         0x78 (size before relaxing)
 .eh_frame      0x00000000000115a0       0x40 lib/orangescrt.a(printf.o)
                                         0x58 (size before relaxing)
 .eh_frame      0x00000000000115e0       0x64 lib/orangescrt.a(vsprintf.o)
                                         0x7c (size before relaxing)
 .eh_frame      0x0000000000011644       0xbc lib/orangescrt.a(misc.o)
                                         0xd4 (size before relaxing)
 .eh_frame      0x0000000000011700       0x20 lib/orangescrt.a(open.o)
                                         0x38 (size before relaxing)
 .eh_frame      0x0000000000011720       0x20 lib/orangescrt.a(read.o)
                                         0x38 (size before relaxing)
 .eh_frame      0x0000000000011740       0x20 lib/orangescrt.a(write.o)
                                         0x38 (size before relaxing)
 .eh_frame      0x0000000000011760       0x20 lib/orangescrt.a(close.o)
                                         0x38 (size before relaxing)
 .eh_frame      0x0000000000011780       0x20 lib/orangescrt.a(lseek.o)
                                         0x38 (size before relaxing)
 .eh_frame      0x00000000000117a0       0x20 lib/orangescrt.a(getpid.o)
                                         0x38 (size before relaxing)
 .eh_frame      0x00000000000117c0       0x20 lib/orangescrt.a(stat.o)
                                         0x38 (size before relaxing)
 .eh_frame      0x00000000000117e0       0x20 lib/orangescrt.a(fork.o)
                                         0x38 (size before relaxing)
 .eh_frame      0x0000000000011800       0x20 lib/orangescrt.a(wait.o)
                                         0x38 (size before relaxing)
 .eh_frame      0x0000000000011820       0x60 lib/orangescrt.a(exec.o)
                                         0x78 (size before relaxing)
 *(.eh_frame.*)

.gcc_except_table
 *(.gcc_except_table .gcc_except_table.*)

.gnu_extab
 *(.gnu_extab*)

.exception_ranges
 *(.exception_ranges*)
                0x0000000000013000                . = DATA_SEGMENT_ALIGN (CONSTANT (MAXPAGESIZE), CONSTANT (COMMONPAGESIZE))

.eh_frame
 *(.eh_frame)
 *(.eh_frame.*)

.gnu_extab
 *(.gnu_extab)

.gcc_except_table
 *(.gcc_except_table .gcc_except_table.*)

.exception_ranges
 *(.exception_ranges*)

.tdata          0x0000000000013000        0x0
                [!provide]                        PROVIDE (__tdata_start = .)
 *(.tdata .tdata.* .gnu.linkonce.td.*)

.tbss
 *(.tbss .tbss.* .gnu.linkonce.tb.*)
 *(.tcommon)

.preinit_array  0x0000000000013000        0x0
                [!provide]                        PROVIDE (__preinit_array_start = .)
 *(.preinit_array)
                [!provide]                        PROVIDE (__preinit_array_end = .)

.init_array     0x0000000000013000        0x0
                [!provide]                        PROVIDE (__init_array_start = .)
 *(SORT_BY_INIT_PRIORITY(.init_array.*) SORT_BY_INIT_PRIORITY(.ctors.*))
 *(.init_array EXCLUDE_FILE(*crtend?.o *crtend.o *crtbegin?.o *crtbegin.o) .ctors)
                [!provide]                        PROVIDE (__init_array_end = .)

.fini_array     0x0000000000013000        0x0
                [!provide]                        PROVIDE (__fini_array_start = .)
 *(SORT_BY_INIT_PRIORITY(.fini_array.*) SORT_BY_INIT_PRIORITY(.dtors.*))
 *(.fini_array EXCLUDE_FILE(*crtend?.o *crtend.o *crtbegin?.o *crtbegin.o) .dtors)
                [!provide]                        PROVIDE (__fini_array_end = .)

.ctors
 *crtbegin.o(.ctors)
 *crtbegin?.o(.ctors)
 *(EXCLUDE_FILE(*crtend?.o *crtend.o) .ctors)
 *(SORT_BY_NAME(.ctors.*))
 *(.ctors)

.dtors
 *crtbegin.o(.dtors)
 *crtbegin?.o(.dtors)
 *(EXCLUDE_FILE(*crtend?.o *crtend.o) .dtors)
 *(SORT_BY_NAME(.dtors.*))
 *(.dtors)

.jcr
 *(.jcr)

.data.rel.ro
 *(.data.rel.ro.local* .gnu.linkonce.d.rel.ro.local.*)
 *(.data.rel.ro .data.rel.ro.* .gnu.linkonce.d.rel.ro.*)

.dynamic
 *(.dynamic)

.got            0x0000000000013000        0x0
 *(.got)
 .got           0x0000000000013000        0x0 kernel/kernel.o
 *(.igot)
                0x0000000000013000                . = DATA_SEGMENT_RELRO_END (., (SIZEOF (.got.plt) >= 0xc)?0xc:0x0)

.got.plt        0x0000000000013000        0x0
 *(.got.plt)
 .got.plt       0x0000000000013000        0x0 kernel/kernel.o
 *(.igot.plt)
 .igot.plt      0x0000000000013000        0x0 kernel/kernel.o

.data           0x0000000000013000      0xab4
 *(.data .data.* .gnu.linkonce.d.*)
 .data          0x0000000000013000        0x2 kernel/kernel.o
 .data          0x0000000000013002        0x0 kernel/start.o
 .data          0x0000000000013002        0x0 kernel/main.o
 .data          0x0000000000013002        0x0 kernel/clock.o
 *fill*         0x0000000000013002       0x1e 
 .data          0x0000000000013020      0x600 kernel/keyboard.o
                0x0000000000013020                keymap
 .data          0x0000000000013620       0x22 kernel/tty.o
 .data          0x0000000000013642        0x0 kernel/console.o
 .data          0x0000000000013642        0x0 kernel/i8259.o
 *fill*         0x0000000000013642       0x1e 
 .data          0x0000000000013660      0x454 kernel/global.o
                0x0000000000013660                queue
                0x0000000000013900                task_table
                0x00000000000139e0                user_proc_table
                0x0000000000013a80                sys_call_table
                0x0000000000013a8c                dd_map
                0x0000000000013aa4                fsbuf
                0x0000000000013aa8                mmbuf
                0x0000000000013aac                logbuf
                0x0000000000013ab0                logdiskbuf
 .data          0x0000000000013ab4        0x0 kernel/protect.o
 .data          0x0000000000013ab4        0x0 kernel/proc.o
 .data          0x0000000000013ab4        0x0 kernel/systask.o
 .data          0x0000000000013ab4        0x0 kernel/hd.o
 .data          0x0000000000013ab4        0x0 kernel/klib.o
 .data          0x0000000000013ab4        0x0 lib/syslog.o
 .data          0x0000000000013ab4        0x0 mm/main.o
 .data          0x0000000000013ab4        0x0 mm/forkexit.o
 .data          0x0000000000013ab4        0x0 mm/exec.o
 .data          0x0000000000013ab4        0x0 fs/main.o
 .data          0x0000000000013ab4        0x0 fs/open.o
 .data          0x0000000000013ab4        0x0 fs/misc.o
 .data          0x0000000000013ab4        0x0 fs/read_write.o
 .data          0x0000000000013ab4        0x0 fs/link.o
 .data          0x0000000000013ab4        0x0 fs/disklog.o
 .data          0x0000000000013ab4        0x0 lib/orangescrt.a(printf.o)
 .data          0x0000000000013ab4        0x0 lib/orangescrt.a(vsprintf.o)
 .data          0x0000000000013ab4        0x0 lib/orangescrt.a(misc.o)
 .data          0x0000000000013ab4        0x0 lib/orangescrt.a(open.o)
 .data          0x0000000000013ab4        0x0 lib/orangescrt.a(read.o)
 .data          0x0000000000013ab4        0x0 lib/orangescrt.a(write.o)
 .data          0x0000000000013ab4        0x0 lib/orangescrt.a(close.o)
 .data          0x0000000000013ab4        0x0 lib/orangescrt.a(lseek.o)
 .data          0x0000000000013ab4        0x0 lib/orangescrt.a(getpid.o)
 .data          0x0000000000013ab4        0x0 lib/orangescrt.a(stat.o)
 .data          0x0000000000013ab4        0x0 lib/orangescrt.a(fork.o)
 .data          0x0000000000013ab4        0x0 lib/orangescrt.a(wait.o)
 .data          0x0000000000013ab4        0x0 lib/orangescrt.a(exec.o)

.data1
 *(.data1)
                0x0000000000013ab4                _edata = .
                [!provide]                        PROVIDE (edata = .)
                0x0000000000013ab4                . = .
                0x0000000000013ab4                __bss_start = .

.bss            0x0000000000013ac0    0x2c144
 *(.dynbss)
 *(.bss .bss.* .gnu.linkonce.b.*)
 .bss           0x0000000000013ac0     0x1000 kernel/kernel.o
 .bss           0x0000000000014ac0        0x0 kernel/start.o
 .bss           0x0000000000014ac0        0x0 kernel/main.o
 .bss           0x0000000000014ac0        0x0 kernel/clock.o
 .bss           0x0000000000014ac0       0x58 kernel/keyboard.o
 .bss           0x0000000000014b18        0x0 kernel/tty.o
 .bss           0x0000000000014b18        0x0 kernel/console.o
 .bss           0x0000000000014b18        0x0 kernel/i8259.o
 .bss           0x0000000000014b18        0x0 kernel/global.o
 .bss           0x0000000000014b18        0x0 kernel/protect.o
 .bss           0x0000000000014b18        0x0 kernel/proc.o
 .bss           0x0000000000014b18        0x0 kernel/systask.o
 *fill*         0x0000000000014b18        0x8 
 .bss           0x0000000000014b20      0x64c kernel/hd.o
 .bss           0x000000000001516c        0x0 kernel/klib.o
 .bss           0x000000000001516c        0x0 lib/syslog.o
 .bss           0x000000000001516c        0x0 mm/main.o
 .bss           0x000000000001516c        0x0 mm/forkexit.o
 .bss           0x000000000001516c        0x0 mm/exec.o
 .bss           0x000000000001516c        0x0 fs/main.o
 .bss           0x000000000001516c        0x0 fs/open.o
 .bss           0x000000000001516c        0x0 fs/misc.o
 .bss           0x000000000001516c        0x0 fs/read_write.o
 .bss           0x000000000001516c        0x0 fs/link.o
 *fill*         0x000000000001516c       0x14 
 .bss           0x0000000000015180      0x208 fs/disklog.o
 .bss           0x0000000000015388        0x0 lib/orangescrt.a(printf.o)
 .bss           0x0000000000015388        0x0 lib/orangescrt.a(vsprintf.o)
 .bss           0x0000000000015388        0x0 lib/orangescrt.a(misc.o)
 .bss           0x0000000000015388        0x0 lib/orangescrt.a(open.o)
 .bss           0x0000000000015388        0x0 lib/orangescrt.a(read.o)
 .bss           0x0000000000015388        0x0 lib/orangescrt.a(write.o)
 .bss           0x0000000000015388        0x0 lib/orangescrt.a(close.o)
 .bss           0x0000000000015388        0x0 lib/orangescrt.a(lseek.o)
 .bss           0x0000000000015388        0x0 lib/orangescrt.a(getpid.o)
 .bss           0x0000000000015388        0x0 lib/orangescrt.a(stat.o)
 .bss           0x0000000000015388        0x0 lib/orangescrt.a(fork.o)
 .bss           0x0000000000015388        0x0 lib/orangescrt.a(wait.o)
 .bss           0x0000000000015388        0x0 lib/orangescrt.a(exec.o)
 *(COMMON)
 COMMON         0x0000000000015388        0x0 kernel/start.o
 *fill*         0x0000000000015388       0x18 
 COMMON         0x00000000000153a0    0x2a854 kernel/global.o
                0x00000000000153a0                idt_ptr
                0x00000000000153c0                inode_table
                0x0000000000015ec0                task_stack
                0x0000000000039ec0                k_reenter
                0x0000000000039ee0                gdt
                0x000000000003a2e0                current_console
                0x000000000003a2e4                pcaller
                0x000000000003a300                tty_table
                0x000000000003af80                tss
                0x000000000003b000                fs_msg
                0x000000000003b030                memory_size
                0x000000000003b040                f_desc_table
                0x000000000003b440                root_inode
                0x000000000003b444                disp_pos
                0x000000000003b460                mm_msg
                0x000000000003b490                key_pressed
                0x000000000003b494                gdt_ptr
                0x000000000003b4a0                idt
                0x000000000003bca0                super_block
                0x000000000003be80                ticks
                0x000000000003bea0                console_table
                0x000000000003bee0                irq_table
                0x000000000003bf20                p_proc_ready
                0x000000000003bf40                proc_table
 COMMON         0x000000000003fbf4       0x10 kernel/hd.o
                0x000000000003fbf4                PARTITION_ENTRY
                0x000000000003fc04                . = ALIGN ((. != 0x0)?0x4:0x1)
                0x000000000003fc04                . = ALIGN (0x4)
                0x000000000003fc04                . = SEGMENT_START ("ldata-segment", .)
                0x000000000003fc04                . = ALIGN (0x4)
                0x000000000003fc04                _end = .
                [!provide]                        PROVIDE (end = .)
                0x000000000003fc04                . = DATA_SEGMENT_END (.)

.stab
 *(.stab)

.stabstr
 *(.stabstr)

.stab.excl
 *(.stab.excl)

.stab.exclstr
 *(.stab.exclstr)

.stab.index
 *(.stab.index)

.stab.indexstr
 *(.stab.indexstr)

.comment        0x0000000000000000       0x2b
 *(.comment)
 .comment       0x0000000000000000       0x2b kernel/start.o
                                         0x2c (size before relaxing)
 .comment       0x000000000000002b       0x2c kernel/main.o
 .comment       0x000000000000002b       0x2c kernel/clock.o
 .comment       0x000000000000002b       0x2c kernel/keyboard.o
 .comment       0x000000000000002b       0x2c kernel/tty.o
 .comment       0x000000000000002b       0x2c kernel/console.o
 .comment       0x000000000000002b       0x2c kernel/i8259.o
 .comment       0x000000000000002b       0x2c kernel/global.o
 .comment       0x000000000000002b       0x2c kernel/protect.o
 .comment       0x000000000000002b       0x2c kernel/proc.o
 .comment       0x000000000000002b       0x2c kernel/systask.o
 .comment       0x000000000000002b       0x2c kernel/hd.o
 .comment       0x000000000000002b       0x2c kernel/klib.o
 .comment       0x000000000000002b       0x2c lib/syslog.o
 .comment       0x000000000000002b       0x2c mm/main.o
 .comment       0x000000000000002b       0x2c mm/forkexit.o
 .comment       0x000000000000002b       0x2c mm/exec.o
 .comment       0x000000000000002b       0x2c fs/main.o
 .comment       0x000000000000002b       0x2c fs/open.o
 .comment       0x000000000000002b       0x2c fs/misc.o
 .comment       0x000000000000002b       0x2c fs/read_write.o
 .comment       0x000000000000002b       0x2c fs/link.o
 .comment       0x000000000000002b       0x2c fs/disklog.o
 .comment       0x000000000000002b       0x2c lib/orangescrt.a(printf.o)
 .comment       0x000000000000002b       0x2c lib/orangescrt.a(vsprintf.o)
 .comment       0x000000000000002b       0x2c lib/orangescrt.a(misc.o)
 .comment       0x000000000000002b       0x2c lib/orangescrt.a(open.o)
 .comment       0x000000000000002b       0x2c lib/orangescrt.a(read.o)
 .comment       0x000000000000002b       0x2c lib/orangescrt.a(write.o)
 .comment       0x000000000000002b       0x2c lib/orangescrt.a(close.o)
 .comment       0x000000000000002b       0x2c lib/orangescrt.a(lseek.o)
 .comment       0x000000000000002b       0x2c lib/orangescrt.a(getpid.o)
 .comment       0x000000000000002b       0x2c lib/orangescrt.a(stat.o)
 .comment       0x000000000000002b       0x2c lib/orangescrt.a(fork.o)
 .comment       0x000000000000002b       0x2c lib/orangescrt.a(wait.o)
 .comment       0x000000000000002b       0x2c lib/orangescrt.a(exec.o)

.gnu.build.attributes
 *(.gnu.build.attributes .gnu.build.attributes.*)

.debug
 *(.debug)

.line
 *(.line)

.debug_srcinfo
 *(.debug_srcinfo)

.debug_sfnames
 *(.debug_sfnames)

.debug_aranges
 *(.debug_aranges)

.debug_pubnames
 *(.debug_pubnames)

.debug_info
 *(.debug_info .gnu.linkonce.wi.*)

.debug_abbrev
 *(.debug_abbrev)

.debug_line
 *(.debug_line .debug_line.* .debug_line_end)

.debug_frame
 *(.debug_frame)

.debug_str
 *(.debug_str)

.debug_loc
 *(.debug_loc)

.debug_macinfo
 *(.debug_macinfo)

.debug_weaknames
 *(.debug_weaknames)

.debug_funcnames
 *(.debug_funcnames)

.debug_typenames
 *(.debug_typenames)

.debug_varnames
 *(.debug_varnames)

.debug_pubtypes
 *(.debug_pubtypes)

.debug_ranges
 *(.debug_ranges)

.debug_macro
 *(.debug_macro)

.debug_addr
 *(.debug_addr)

.gnu.attributes
 *(.gnu.attributes)

/DISCARD/
 *(.note.GNU-stack)
 *(.gnu_debuglink)
 *(.gnu.lto_*)
OUTPUT(kernel.bin elf32-i386)
