
Merging program properties

Removed property 0xc0000002 to merge kernel/start.o (0x3) and kernel/kernel.o (not found)
Removed property 0xc0000002 to merge kernel/start.o (not found) and kernel/main.o (0x3)
Removed property 0xc0000002 to merge kernel/start.o (not found) and kernel/clock.o (0x3)
Removed property 0xc0000002 to merge kernel/start.o (not found) and kernel/keyboard.o (0x3)
Removed property 0xc0000002 to merge kernel/start.o (not found) and kernel/tty.o (0x3)
Removed property 0xc0000002 to merge kernel/start.o (not found) and kernel/console.o (0x3)
Removed property 0xc0000002 to merge kernel/start.o (not found) and kernel/i8259.o (0x3)
Removed property 0xc0000002 to merge kernel/start.o (not found) and kernel/global.o (0x3)
Removed property 0xc0000002 to merge kernel/start.o (not found) and kernel/protect.o (0x3)
Removed property 0xc0000002 to merge kernel/start.o (not found) and kernel/proc.o (0x3)
Removed property 0xc0000002 to merge kernel/start.o (not found) and kernel/systask.o (0x3)
Removed property 0xc0000002 to merge kernel/start.o (not found) and kernel/hd.o (0x3)
Removed property 0xc0000002 to merge kernel/start.o (not found) and lib/printf.o (0x3)
Removed property 0xc0000002 to merge kernel/start.o (not found) and lib/vsprintf.o (0x3)
Removed property 0xc0000002 to merge kernel/start.o (not found) and lib/klib.o (0x3)
Removed property 0xc0000002 to merge kernel/start.o (not found) and lib/misc.o (0x3)
Removed property 0xc0000002 to merge kernel/start.o (not found) and lib/open.o (0x3)
Removed property 0xc0000002 to merge kernel/start.o (not found) and lib/read.o (0x3)
Removed property 0xc0000002 to merge kernel/start.o (not found) and lib/write.o (0x3)
Removed property 0xc0000002 to merge kernel/start.o (not found) and lib/close.o (0x3)
Removed property 0xc0000002 to merge kernel/start.o (not found) and fs/main.o (0x3)
Removed property 0xc0000002 to merge kernel/start.o (not found) and fs/open.o (0x3)
Removed property 0xc0000002 to merge kernel/start.o (not found) and fs/misc.o (0x3)
Removed property 0xc0000002 to merge kernel/start.o (not found) and fs/read_write.o (0x3)

Allocating common symbols
Common symbol       size              file

idt_ptr             0x6               kernel/global.o
inode_table         0xb00             kernel/global.o
task_stack          0x38000           kernel/global.o
k_reenter           0x4               kernel/global.o
gdt                 0x400             kernel/global.o
pcaller             0x4               kernel/global.o
tty_table           0xc30             kernel/global.o
tss                 0x68              kernel/global.o
fs_msg              0x30              kernel/global.o
nr_current_console  0x4               kernel/global.o
f_desc_table        0x300             kernel/global.o
root_inode          0x4               kernel/global.o
disp_pos            0x4               kernel/global.o
gdt_ptr             0x6               kernel/global.o
idt                 0x800             kernel/global.o
super_block         0x1e0             kernel/global.o
PARTITION_ENTRY     0x10              kernel/hd.o
ticks               0x4               kernel/global.o
console_table       0x30              kernel/global.o
irq_table           0x40              kernel/global.o
p_proc_ready        0x4               kernel/global.o
proc_table          0xb28             kernel/global.o

Discarded input sections

 .note.GNU-stack
                0x0000000000000000        0x0 kernel/start.o
 .note.gnu.property
                0x0000000000000000       0x1c kernel/start.o
 .note.GNU-stack
                0x0000000000000000        0x0 kernel/main.o
 .note.gnu.property
                0x0000000000000000       0x1c kernel/main.o
 .note.GNU-stack
                0x0000000000000000        0x0 kernel/clock.o
 .note.gnu.property
                0x0000000000000000       0x1c kernel/clock.o
 .note.GNU-stack
                0x0000000000000000        0x0 kernel/keyboard.o
 .note.gnu.property
                0x0000000000000000       0x1c kernel/keyboard.o
 .note.GNU-stack
                0x0000000000000000        0x0 kernel/tty.o
 .note.gnu.property
                0x0000000000000000       0x1c kernel/tty.o
 .note.GNU-stack
                0x0000000000000000        0x0 kernel/console.o
 .note.gnu.property
                0x0000000000000000       0x1c kernel/console.o
 .note.GNU-stack
                0x0000000000000000        0x0 kernel/i8259.o
 .note.gnu.property
                0x0000000000000000       0x1c kernel/i8259.o
 .note.GNU-stack
                0x0000000000000000        0x0 kernel/global.o
 .note.gnu.property
                0x0000000000000000       0x1c kernel/global.o
 .note.GNU-stack
                0x0000000000000000        0x0 kernel/protect.o
 .note.gnu.property
                0x0000000000000000       0x1c kernel/protect.o
 .note.GNU-stack
                0x0000000000000000        0x0 kernel/proc.o
 .note.gnu.property
                0x0000000000000000       0x1c kernel/proc.o
 .note.GNU-stack
                0x0000000000000000        0x0 kernel/systask.o
 .note.gnu.property
                0x0000000000000000       0x1c kernel/systask.o
 .note.GNU-stack
                0x0000000000000000        0x0 kernel/hd.o
 .note.gnu.property
                0x0000000000000000       0x1c kernel/hd.o
 .note.GNU-stack
                0x0000000000000000        0x0 lib/printf.o
 .note.gnu.property
                0x0000000000000000       0x1c lib/printf.o
 .note.GNU-stack
                0x0000000000000000        0x0 lib/vsprintf.o
 .note.gnu.property
                0x0000000000000000       0x1c lib/vsprintf.o
 .note.GNU-stack
                0x0000000000000000        0x0 lib/klib.o
 .note.gnu.property
                0x0000000000000000       0x1c lib/klib.o
 .note.GNU-stack
                0x0000000000000000        0x0 lib/misc.o
 .note.gnu.property
                0x0000000000000000       0x1c lib/misc.o
 .note.GNU-stack
                0x0000000000000000        0x0 lib/open.o
 .note.gnu.property
                0x0000000000000000       0x1c lib/open.o
 .note.GNU-stack
                0x0000000000000000        0x0 lib/read.o
 .note.gnu.property
                0x0000000000000000       0x1c lib/read.o
 .note.GNU-stack
                0x0000000000000000        0x0 lib/write.o
 .note.gnu.property
                0x0000000000000000       0x1c lib/write.o
 .note.GNU-stack
                0x0000000000000000        0x0 lib/close.o
 .note.gnu.property
                0x0000000000000000       0x1c lib/close.o
 .note.GNU-stack
                0x0000000000000000        0x0 fs/main.o
 .note.gnu.property
                0x0000000000000000       0x1c fs/main.o
 .note.GNU-stack
                0x0000000000000000        0x0 fs/open.o
 .note.gnu.property
                0x0000000000000000       0x1c fs/open.o
 .note.GNU-stack
                0x0000000000000000        0x0 fs/misc.o
 .note.gnu.property
                0x0000000000000000       0x1c fs/misc.o
 .note.GNU-stack
                0x0000000000000000        0x0 fs/read_write.o
 .note.gnu.property
                0x0000000000000000       0x1c fs/read_write.o

Memory Configuration

Name             Origin             Length             Attributes
*default*        0x0000000000000000 0xffffffffffffffff

Linker script and memory map

Address of section .text set to 0x30400
LOAD kernel/kernel.o
LOAD lib/syscall.o
LOAD kernel/start.o
LOAD kernel/main.o
LOAD kernel/clock.o
LOAD kernel/keyboard.o
LOAD kernel/tty.o
LOAD kernel/console.o
LOAD kernel/i8259.o
LOAD kernel/global.o
LOAD kernel/protect.o
LOAD kernel/proc.o
LOAD kernel/systask.o
LOAD kernel/hd.o
LOAD lib/printf.o
LOAD lib/vsprintf.o
LOAD lib/kliba.o
LOAD lib/klib.o
LOAD lib/string.o
LOAD lib/misc.o
LOAD lib/open.o
LOAD lib/read.o
LOAD lib/write.o
LOAD lib/close.o
LOAD fs/main.o
LOAD fs/open.o
LOAD fs/misc.o
LOAD fs/read_write.o
                [!provide]                        PROVIDE (__executable_start = SEGMENT_START ("text-segment", 0x8048000))
                0x00000000080480d4                . = (SEGMENT_START ("text-segment", 0x8048000) + SIZEOF_HEADERS)

.interp
 *(.interp)

.note.gnu.build-id
 *(.note.gnu.build-id)

.hash
 *(.hash)

.gnu.hash
 *(.gnu.hash)

.dynsym
 *(.dynsym)

.dynstr
 *(.dynstr)

.gnu.version
 *(.gnu.version)

.gnu.version_d
 *(.gnu.version_d)

.gnu.version_r
 *(.gnu.version_r)

.rel.dyn        0x00000000080480d4        0x0
 *(.rel.init)
 *(.rel.text .rel.text.* .rel.gnu.linkonce.t.*)
 .rel.text      0x00000000080480d4        0x0 kernel/kernel.o
 *(.rel.fini)
 *(.rel.rodata .rel.rodata.* .rel.gnu.linkonce.r.*)
 *(.rel.data.rel.ro .rel.data.rel.ro.* .rel.gnu.linkonce.d.rel.ro.*)
 *(.rel.data .rel.data.* .rel.gnu.linkonce.d.*)
 *(.rel.tdata .rel.tdata.* .rel.gnu.linkonce.td.*)
 *(.rel.tbss .rel.tbss.* .rel.gnu.linkonce.tb.*)
 *(.rel.ctors)
 *(.rel.dtors)
 *(.rel.got)
 .rel.got       0x00000000080480d4        0x0 kernel/kernel.o
 *(.rel.bss .rel.bss.* .rel.gnu.linkonce.b.*)
 *(.rel.ifunc)

.rel.plt        0x00000000080480d4        0x0
 *(.rel.plt)
                [!provide]                        PROVIDE (__rel_iplt_start = .)
 *(.rel.iplt)
 .rel.iplt      0x00000000080480d4        0x0 kernel/kernel.o
                [!provide]                        PROVIDE (__rel_iplt_end = .)
                0x0000000008049000                . = ALIGN (CONSTANT (MAXPAGESIZE))

.init
 *(SORT_NONE(.init))

.plt            0x0000000008049000        0x0
 *(.plt)
 *(.iplt)
 .iplt          0x0000000008049000        0x0 kernel/kernel.o

.plt.got
 *(.plt.got)

.plt.sec
 *(.plt.sec)

.text           0x0000000000030400     0x7034
 *(.text.unlikely .text.*_unlikely .text.unlikely.*)
 *(.text.exit .text.exit.*)
 *(.text.startup .text.startup.*)
 *(.text.hot .text.hot.*)
 *(SORT_BY_NAME(.text.sorted.*))
 *(.text .stub .text.* .gnu.linkonce.t.*)
 .text          0x0000000000030400      0x410 kernel/kernel.o
                0x0000000000030400                _start
                0x0000000000030440                hwint00
                0x0000000000030470                hwint01
                0x00000000000304a0                hwint02
                0x00000000000304d0                hwint03
                0x0000000000030500                hwint04
                0x0000000000030530                hwint05
                0x0000000000030560                hwint06
                0x0000000000030590                hwint07
                0x00000000000305c0                hwint08
                0x00000000000305f0                hwint09
                0x0000000000030620                hwint10
                0x0000000000030650                hwint11
                0x0000000000030680                hwint12
                0x00000000000306b0                hwint13
                0x00000000000306e0                hwint14
                0x0000000000030710                hwint15
                0x0000000000030734                divide_error
                0x000000000003073a                single_step_exception
                0x0000000000030740                nmi
                0x0000000000030746                breakpoint_exception
                0x000000000003074c                overflow
                0x0000000000030752                bounds_check
                0x0000000000030758                inval_opcode
                0x000000000003075e                copr_not_available
                0x0000000000030764                double_fault
                0x0000000000030768                copr_seg_overrun
                0x000000000003076e                inval_tss
                0x0000000000030772                segment_not_present
                0x0000000000030776                stack_exception
                0x000000000003077a                general_protection
                0x000000000003077e                page_fault
                0x0000000000030782                copr_error
                0x00000000000307cb                sys_call
                0x00000000000307eb                restart
 .text          0x0000000000030810       0x20 lib/syscall.o
                0x0000000000030810                sendrec
                0x0000000000030824                printx
 .text          0x0000000000030830       0x99 kernel/start.o
                0x0000000000030830                cstart
 .text          0x00000000000308c9      0x5d3 kernel/main.o
                0x00000000000308c9                kernel_main
                0x0000000000030b78                get_ticks
                0x0000000000030bb0                TestA
                0x0000000000030df7                TestB
                0x0000000000030e23                TestC
                0x0000000000030e4f                panic
 .text          0x0000000000030e9c       0xd2 kernel/clock.o
                0x0000000000030e9c                clock_handler
                0x0000000000030ee3                milli_delay
                0x0000000000030f12                init_clock
 .text          0x0000000000030f6e      0x661 kernel/keyboard.o
                0x0000000000030f6e                keyboard_handler
                0x0000000000030fd2                init_keyboard
                0x000000000003103f                keyboard_read
 .text          0x00000000000315cf      0x536 kernel/tty.o
                0x00000000000315cf                task_tty
                0x0000000000031691                in_process
                0x0000000000031908                tty_write
                0x0000000000031953                sys_printx
 .text          0x0000000000031b05      0x446 kernel/console.o
                0x0000000000031b05                init_screen
                0x0000000000031c29                is_current_console
                0x0000000000031c48                out_char
                0x0000000000031ea2                select_console
                0x0000000000031edc                scroll_screen
 .text          0x0000000000031f4b      0x13d kernel/i8259.o
                0x0000000000031f4b                init_8259A
                0x0000000000032025                spurious_irq
                0x0000000000032060                put_irq_handler
 .text          0x0000000000032088        0x0 kernel/global.o
 .text          0x0000000000032088      0x628 kernel/protect.o
                0x0000000000032088                init_prot
                0x00000000000324ad                seg2phys
                0x0000000000032571                exception_handler
 .text          0x00000000000326b0     0x1788 kernel/proc.o
                0x00000000000326b0                schedule
                0x0000000000032741                sys_sendrec
                0x0000000000032863                send_recv
                0x0000000000032926                ldt_seg_linear
                0x0000000000032974                va2la
                0x00000000000329d9                reset_msg
                0x00000000000337fb                inform_int
                0x000000000003397c                dump_proc
                0x0000000000033d26                dump_msg
 .text          0x0000000000033e38       0x5c kernel/systask.o
                0x0000000000033e38                task_sys
 .text          0x0000000000033e94      0xe7c kernel/hd.o
                0x0000000000033e94                task_hd
                0x0000000000034ce1                hd_handler
 .text          0x0000000000034d10       0x54 lib/printf.o
                0x0000000000034d10                printf
 .text          0x0000000000034d64      0x31d lib/vsprintf.o
                0x0000000000034dce                vsprintf
                0x0000000000035057                sprintf
 *fill*         0x0000000000035081        0xf 
 .text          0x0000000000035090      0x19a lib/kliba.o
                0x0000000000035090                disp_str
                0x00000000000350ce                disp_color_str
                0x000000000003510d                out_byte
                0x0000000000035119                in_byte
                0x0000000000035123                port_read
                0x0000000000035136                port_write
                0x0000000000035149                disable_irq
                0x000000000003517e                enable_irq
                0x000000000003519d                disable_int
                0x000000000003519f                enable_int
                0x00000000000351a1                glitter
 .text          0x000000000003522a      0x126 lib/klib.o
                0x000000000003522a                itoa
                0x00000000000352d9                disp_int
                0x0000000000035304                delay
 .text          0x0000000000035350       0x78 lib/string.o
                0x0000000000035350                memcpy
                0x0000000000035379                memset
                0x000000000003539a                strcpy
                0x00000000000353b2                strlen
 .text          0x00000000000353c8      0x1a8 lib/misc.o
                0x00000000000353c8                memcmp
                0x000000000003543e                strcmp
                0x00000000000354b1                strcat
                0x0000000000035514                spin
                0x0000000000035533                assertion_failure
 .text          0x0000000000035570       0x67 lib/open.o
                0x0000000000035570                open
 .text          0x00000000000355d7       0x3b lib/read.o
                0x00000000000355d7                read
 .text          0x0000000000035612       0x3b lib/write.o
                0x0000000000035612                write
 .text          0x000000000003564d       0x2f lib/close.o
                0x000000000003564d                close
 .text          0x000000000003567c      0xc82 fs/main.o
                0x000000000003567c                task_fs
                0x0000000000035df8                rw_sector
                0x0000000000036008                get_super_block
                0x0000000000036052                get_inode
                0x00000000000361b9                put_inode
                0x00000000000361fb                sync_inode
 .text          0x00000000000362fe      0xab7 fs/open.o
                0x00000000000362fe                do_open
                0x000000000003674a                do_close
                0x00000000000367aa                do_lseek
 .text          0x0000000000036db5      0x1e5 fs/misc.o
                0x0000000000036db5                search_file
                0x0000000000036f0f                strip_path
 .text          0x0000000000036f9a      0x49a fs/read_write.o
                0x0000000000036f9a                do_rdwt
 *(.gnu.warning)

.fini
 *(SORT_NONE(.fini))
                [!provide]                        PROVIDE (__etext = .)
                [!provide]                        PROVIDE (_etext = .)
                [!provide]                        PROVIDE (etext = .)
                0x0000000000038000                . = ALIGN (CONSTANT (MAXPAGESIZE))
                0x0000000000038000                . = SEGMENT_START ("rodata-segment", (ALIGN (CONSTANT (MAXPAGESIZE)) + (. & (CONSTANT (MAXPAGESIZE) - 0x1))))

.rodata         0x0000000000038000     0x142c
 *(.rodata .rodata.* .gnu.linkonce.r.*)
 .rodata        0x0000000000038000       0x47 kernel/start.o
 *fill*         0x0000000000038047        0x1 
 .rodata        0x0000000000038048       0xc8 kernel/main.o
 .rodata        0x0000000000038110       0x64 kernel/keyboard.o
 .rodata        0x0000000000038174       0x90 kernel/tty.o
 .rodata        0x0000000000038204       0x11 kernel/i8259.o
 *fill*         0x0000000000038215        0x3 
 .rodata        0x0000000000038218        0x4 kernel/global.o
                0x0000000000038218                FSBUF_SIZE
 *fill*         0x000000000003821c        0x4 
 .rodata        0x0000000000038220      0x540 kernel/protect.o
 .rodata        0x0000000000038760      0x63e kernel/proc.o
 .rodata        0x0000000000038d9e       0x11 kernel/systask.o
 *fill*         0x0000000000038daf        0x1 
 .rodata        0x0000000000038db0      0x1a6 kernel/hd.o
 *fill*         0x0000000000038f56        0x2 
 .rodata        0x0000000000038f58       0x61 lib/misc.o
 .rodata        0x0000000000038fb9       0x23 lib/open.o
 .rodata        0x0000000000038fdc      0x1b2 fs/main.o
 *fill*         0x000000000003918e        0x2 
 .rodata        0x0000000000039190      0x138 fs/open.o
 .rodata        0x00000000000392c8      0x164 fs/read_write.o

.rodata1
 *(.rodata1)

.eh_frame_hdr
 *(.eh_frame_hdr)
 *(.eh_frame_entry .eh_frame_entry.*)

.eh_frame       0x000000000003942c      0xdd4
 *(.eh_frame)
 .eh_frame      0x000000000003942c       0x38 kernel/start.o
 .eh_frame      0x0000000000039464       0xb8 kernel/main.o
                                         0xd0 (size before relaxing)
 .eh_frame      0x000000000003951c       0x60 kernel/clock.o
                                         0x78 (size before relaxing)
 .eh_frame      0x000000000003957c       0xe0 kernel/keyboard.o
                                         0xf8 (size before relaxing)
 .eh_frame      0x000000000003965c       0xfc kernel/tty.o
                                        0x114 (size before relaxing)
 .eh_frame      0x0000000000039758      0x100 kernel/console.o
                                        0x118 (size before relaxing)
 .eh_frame      0x0000000000039858       0x60 kernel/i8259.o
                                         0x78 (size before relaxing)
 .eh_frame      0x00000000000398b8       0xb0 kernel/protect.o
                                         0xc8 (size before relaxing)
 .eh_frame      0x0000000000039968      0x1d8 kernel/proc.o
                                        0x1f0 (size before relaxing)
 .eh_frame      0x0000000000039b40       0x1c kernel/systask.o
                                         0x34 (size before relaxing)
 .eh_frame      0x0000000000039b5c      0x1f4 kernel/hd.o
                                        0x20c (size before relaxing)
 .eh_frame      0x0000000000039d50       0x20 lib/printf.o
                                         0x38 (size before relaxing)
 .eh_frame      0x0000000000039d70       0x64 lib/vsprintf.o
                                         0x7c (size before relaxing)
 .eh_frame      0x0000000000039dd4       0x60 lib/klib.o
                                         0x78 (size before relaxing)
 .eh_frame      0x0000000000039e34       0x9c lib/misc.o
                                         0xb4 (size before relaxing)
 .eh_frame      0x0000000000039ed0       0x20 lib/open.o
                                         0x38 (size before relaxing)
 .eh_frame      0x0000000000039ef0       0x20 lib/read.o
                                         0x38 (size before relaxing)
 .eh_frame      0x0000000000039f10       0x20 lib/write.o
                                         0x38 (size before relaxing)
 .eh_frame      0x0000000000039f30       0x20 lib/close.o
                                         0x38 (size before relaxing)
 .eh_frame      0x0000000000039f50      0x130 fs/main.o
                                        0x148 (size before relaxing)
 .eh_frame      0x000000000003a080      0x110 fs/open.o
                                        0x128 (size before relaxing)
 .eh_frame      0x000000000003a190       0x44 fs/misc.o
                                         0x5c (size before relaxing)
 .eh_frame      0x000000000003a1d4       0x2c fs/read_write.o
                                         0x44 (size before relaxing)
 *(.eh_frame.*)

.gcc_except_table
 *(.gcc_except_table .gcc_except_table.*)

.gnu_extab
 *(.gnu_extab*)

.exception_ranges
 *(.exception_ranges*)
                0x000000000003c000                . = DATA_SEGMENT_ALIGN (CONSTANT (MAXPAGESIZE), CONSTANT (COMMONPAGESIZE))

.eh_frame
 *(.eh_frame)
 *(.eh_frame.*)

.gnu_extab
 *(.gnu_extab)

.gcc_except_table
 *(.gcc_except_table .gcc_except_table.*)

.exception_ranges
 *(.exception_ranges*)

.tdata          0x000000000003c000        0x0
                [!provide]                        PROVIDE (__tdata_start = .)
 *(.tdata .tdata.* .gnu.linkonce.td.*)

.tbss
 *(.tbss .tbss.* .gnu.linkonce.tb.*)
 *(.tcommon)

.preinit_array  0x000000000003c000        0x0
                [!provide]                        PROVIDE (__preinit_array_start = .)
 *(.preinit_array)
                [!provide]                        PROVIDE (__preinit_array_end = .)

.init_array     0x000000000003c000        0x0
                [!provide]                        PROVIDE (__init_array_start = .)
 *(SORT_BY_INIT_PRIORITY(.init_array.*) SORT_BY_INIT_PRIORITY(.ctors.*))
 *(.init_array EXCLUDE_FILE(*crtend?.o *crtend.o *crtbegin?.o *crtbegin.o) .ctors)
                [!provide]                        PROVIDE (__init_array_end = .)

.fini_array     0x000000000003c000        0x0
                [!provide]                        PROVIDE (__fini_array_start = .)
 *(SORT_BY_INIT_PRIORITY(.fini_array.*) SORT_BY_INIT_PRIORITY(.dtors.*))
 *(.fini_array EXCLUDE_FILE(*crtend?.o *crtend.o *crtbegin?.o *crtbegin.o) .dtors)
                [!provide]                        PROVIDE (__fini_array_end = .)

.ctors
 *crtbegin.o(.ctors)
 *crtbegin?.o(.ctors)
 *(EXCLUDE_FILE(*crtend?.o *crtend.o) .ctors)
 *(SORT_BY_NAME(.ctors.*))
 *(.ctors)

.dtors
 *crtbegin.o(.dtors)
 *crtbegin?.o(.dtors)
 *(EXCLUDE_FILE(*crtend?.o *crtend.o) .dtors)
 *(SORT_BY_NAME(.dtors.*))
 *(.dtors)

.jcr
 *(.jcr)

.data.rel.ro
 *(.data.rel.ro.local* .gnu.linkonce.d.rel.ro.local.*)
 *(.data.rel.ro .data.rel.ro.* .gnu.linkonce.d.rel.ro.*)

.dynamic
 *(.dynamic)

.got            0x000000000003c000        0x0
 *(.got)
 .got           0x000000000003c000        0x0 kernel/kernel.o
 *(.igot)
                0x000000000003c000                . = DATA_SEGMENT_RELRO_END (., (SIZEOF (.got.plt) >= 0xc)?0xc:0x0)

.got.plt        0x000000000003c000        0x0
 *(.got.plt)
 .got.plt       0x000000000003c000        0x0 kernel/kernel.o
 *(.igot.plt)
 .igot.plt      0x000000000003c000        0x0 kernel/kernel.o

.data           0x000000000003c000      0x760
 *(.data .data.* .gnu.linkonce.d.*)
 .data          0x000000000003c000        0x2 kernel/kernel.o
 .data          0x000000000003c002        0x0 kernel/start.o
 .data          0x000000000003c002        0x0 kernel/main.o
 .data          0x000000000003c002        0x0 kernel/clock.o
 *fill*         0x000000000003c002       0x1e 
 .data          0x000000000003c020      0x600 kernel/keyboard.o
                0x000000000003c020                keymap
 .data          0x000000000003c620        0x0 kernel/tty.o
 .data          0x000000000003c620        0x0 kernel/console.o
 .data          0x000000000003c620        0x0 kernel/i8259.o
 .data          0x000000000003c620      0x140 kernel/global.o
                0x000000000003c620                task_table
                0x000000000003c6c0                user_proc_table
                0x000000000003c738                sys_call_table
                0x000000000003c744                dd_map
                0x000000000003c75c                fsbuf
 .data          0x000000000003c760        0x0 kernel/protect.o
 .data          0x000000000003c760        0x0 kernel/proc.o
 .data          0x000000000003c760        0x0 kernel/systask.o
 .data          0x000000000003c760        0x0 kernel/hd.o
 .data          0x000000000003c760        0x0 lib/printf.o
 .data          0x000000000003c760        0x0 lib/vsprintf.o
 .data          0x000000000003c760        0x0 lib/klib.o
 .data          0x000000000003c760        0x0 lib/misc.o
 .data          0x000000000003c760        0x0 lib/open.o
 .data          0x000000000003c760        0x0 lib/read.o
 .data          0x000000000003c760        0x0 lib/write.o
 .data          0x000000000003c760        0x0 lib/close.o
 .data          0x000000000003c760        0x0 fs/main.o
 .data          0x000000000003c760        0x0 fs/open.o
 .data          0x000000000003c760        0x0 fs/misc.o
 .data          0x000000000003c760        0x0 fs/read_write.o

.data1
 *(.data1)
                0x000000000003c760                _edata = .
                [!provide]                        PROVIDE (edata = .)
                0x000000000003c760                . = .
                0x000000000003c760                __bss_start = .

.bss            0x000000000003c760    0x3c418
 *(.dynbss)
 *(.bss .bss.* .gnu.linkonce.b.*)
 .bss           0x000000000003c760      0x800 kernel/kernel.o
 .bss           0x000000000003cf60        0x0 kernel/start.o
 .bss           0x000000000003cf60        0x0 kernel/main.o
 .bss           0x000000000003cf60        0x0 kernel/clock.o
 .bss           0x000000000003cf60       0x58 kernel/keyboard.o
 .bss           0x000000000003cfb8        0x0 kernel/tty.o
 .bss           0x000000000003cfb8        0x0 kernel/console.o
 .bss           0x000000000003cfb8        0x0 kernel/i8259.o
 .bss           0x000000000003cfb8        0x0 kernel/global.o
 .bss           0x000000000003cfb8        0x0 kernel/protect.o
 .bss           0x000000000003cfb8        0x0 kernel/proc.o
 .bss           0x000000000003cfb8        0x0 kernel/systask.o
 *fill*         0x000000000003cfb8        0x8 
 .bss           0x000000000003cfc0      0x64c kernel/hd.o
 .bss           0x000000000003d60c        0x0 lib/printf.o
 .bss           0x000000000003d60c        0x0 lib/vsprintf.o
 .bss           0x000000000003d60c        0x0 lib/klib.o
 .bss           0x000000000003d60c        0x0 lib/misc.o
 .bss           0x000000000003d60c        0x0 lib/open.o
 .bss           0x000000000003d60c        0x0 lib/read.o
 .bss           0x000000000003d60c        0x0 lib/write.o
 .bss           0x000000000003d60c        0x0 lib/close.o
 .bss           0x000000000003d60c        0x0 fs/main.o
 .bss           0x000000000003d60c        0x0 fs/open.o
 .bss           0x000000000003d60c        0x0 fs/misc.o
 .bss           0x000000000003d60c        0x0 fs/read_write.o
 *(COMMON)
 *fill*         0x000000000003d60c       0x14 
 COMMON         0x000000000003d620    0x3b548 kernel/global.o
                0x000000000003d620                idt_ptr
                0x000000000003d640                inode_table
                0x000000000003e140                task_stack
                0x0000000000076140                k_reenter
                0x0000000000076160                gdt
                0x0000000000076560                pcaller
                0x0000000000076580                tty_table
                0x00000000000771c0                tss
                0x0000000000077240                fs_msg
                0x0000000000077270                nr_current_console
                0x0000000000077280                f_desc_table
                0x0000000000077580                root_inode
                0x0000000000077584                disp_pos
                0x0000000000077588                gdt_ptr
                0x00000000000775a0                idt
                0x0000000000077da0                super_block
                0x0000000000077f80                ticks
                0x0000000000077fa0                console_table
                0x0000000000077fe0                irq_table
                0x0000000000078020                p_proc_ready
                0x0000000000078040                proc_table
 COMMON         0x0000000000078b68       0x10 kernel/hd.o
                0x0000000000078b68                PARTITION_ENTRY
                0x0000000000078b78                . = ALIGN ((. != 0x0)?0x4:0x1)
                0x0000000000078b78                . = ALIGN (0x4)
                0x0000000000078b78                . = SEGMENT_START ("ldata-segment", .)
                0x0000000000078b78                . = ALIGN (0x4)
                0x0000000000078b78                _end = .
                [!provide]                        PROVIDE (end = .)
                0x0000000000078b78                . = DATA_SEGMENT_END (.)

.stab
 *(.stab)

.stabstr
 *(.stabstr)

.stab.excl
 *(.stab.excl)

.stab.exclstr
 *(.stab.exclstr)

.stab.index
 *(.stab.index)

.stab.indexstr
 *(.stab.indexstr)

.comment        0x0000000000000000       0x2b
 *(.comment)
 .comment       0x0000000000000000       0x2b kernel/start.o
                                         0x2c (size before relaxing)
 .comment       0x000000000000002b       0x2c kernel/main.o
 .comment       0x000000000000002b       0x2c kernel/clock.o
 .comment       0x000000000000002b       0x2c kernel/keyboard.o
 .comment       0x000000000000002b       0x2c kernel/tty.o
 .comment       0x000000000000002b       0x2c kernel/console.o
 .comment       0x000000000000002b       0x2c kernel/i8259.o
 .comment       0x000000000000002b       0x2c kernel/global.o
 .comment       0x000000000000002b       0x2c kernel/protect.o
 .comment       0x000000000000002b       0x2c kernel/proc.o
 .comment       0x000000000000002b       0x2c kernel/systask.o
 .comment       0x000000000000002b       0x2c kernel/hd.o
 .comment       0x000000000000002b       0x2c lib/printf.o
 .comment       0x000000000000002b       0x2c lib/vsprintf.o
 .comment       0x000000000000002b       0x2c lib/klib.o
 .comment       0x000000000000002b       0x2c lib/misc.o
 .comment       0x000000000000002b       0x2c lib/open.o
 .comment       0x000000000000002b       0x2c lib/read.o
 .comment       0x000000000000002b       0x2c lib/write.o
 .comment       0x000000000000002b       0x2c lib/close.o
 .comment       0x000000000000002b       0x2c fs/main.o
 .comment       0x000000000000002b       0x2c fs/open.o
 .comment       0x000000000000002b       0x2c fs/misc.o
 .comment       0x000000000000002b       0x2c fs/read_write.o

.gnu.build.attributes
 *(.gnu.build.attributes .gnu.build.attributes.*)

.debug
 *(.debug)

.line
 *(.line)

.debug_srcinfo
 *(.debug_srcinfo)

.debug_sfnames
 *(.debug_sfnames)

.debug_aranges
 *(.debug_aranges)

.debug_pubnames
 *(.debug_pubnames)

.debug_info
 *(.debug_info .gnu.linkonce.wi.*)

.debug_abbrev
 *(.debug_abbrev)

.debug_line
 *(.debug_line .debug_line.* .debug_line_end)

.debug_frame
 *(.debug_frame)

.debug_str
 *(.debug_str)

.debug_loc
 *(.debug_loc)

.debug_macinfo
 *(.debug_macinfo)

.debug_weaknames
 *(.debug_weaknames)

.debug_funcnames
 *(.debug_funcnames)

.debug_typenames
 *(.debug_typenames)

.debug_varnames
 *(.debug_varnames)

.debug_pubtypes
 *(.debug_pubtypes)

.debug_ranges
 *(.debug_ranges)

.debug_macro
 *(.debug_macro)

.debug_addr
 *(.debug_addr)

.gnu.attributes
 *(.gnu.attributes)

/DISCARD/
 *(.note.GNU-stack)
 *(.gnu_debuglink)
 *(.gnu.lto_*)
OUTPUT(kernel.bin elf32-i386)
